// Jest Snapshot v1, https://goo.gl/fbAQLP

exports[`Moods component renders Moods 1`] = `<Moods />`;
